ERROR: Invalid number adc at address 0001
